// Jest Snapshot v1, https://goo.gl/fbAQLP

exports[`scalar generation: scalar 1`] = `
"
scalar Json
"
`;
